
> msa-yellow-team@0.1.0 test
> node --test tests/unit/*.test.js

✔ human review respects the state graph, requires justification and remains terminal (243.8884ms)
✔ approved correction preserves original and has one validated replacement revision (4.7255ms)
✔ profile editing targets the signed-in user; password change reauthenticates first (6.394ms)
✔ CEP blocks only the study affected by conflicting revisions and respects collection coverage (213.2992ms)
✔ historical study refuses a specification with a different unit (6.1449ms)
✔ historical report carries actual observation dates separately from the consultation window (2.86ms)
✔ an applied correction reaches the CEP series and CSV with original and used readings (5.4589ms)
✔ I-MR reproduces the NIST ten-batch example and distinguishes within from overall dispersion (2.2753ms)
✔ missing/invalid readings break moving ranges; constants and insufficient samples never produce infinite capability (1.2998ms)
✔ draft references, setpoints, unilateral bounds and unverified chronology cannot yield bilateral capability (0.4004ms)
✔ signals use the I and MR control limits, and unstable processes do not receive capability indices (1.2162ms)
✔ detail selection uses the latest full context, not the first group of its version (14.0948ms)
✔ supplied workbook keeps 17 rows, numeric text and blanks, and reproduces the corrected BF population deviation (7.4252ms)
✔ initializes the supplied project with the supplied RTDB URL (2.7881ms)
✔ CSV preview parses quoted decimal fields, preserves date-only precision, and needs explicit confirmation (28.3016ms)
✔ CSV export neutralizes text formulas without changing numeric vacuum or quoted newlines (1.5204ms)
✔ dashboard includes all 41 references with unknown values instead of zeros or healthy states (151.6609ms)
✔ dashboard shows actual last reading, inclusive boundaries, invalid input and unapproved limits distinctly (12.2871ms)
✔ dashboard keeps recipes and versions separate and rejects measurements outside the selected context/window (2.9848ms)
✔ date-only ties do not invent a latest measurement and correction conflicts never appear healthy (3.0125ms)
✔ date-only records make an intraday dashboard explicitly partial (1.3885ms)
✔ dashboard service exposes registered custom parameters and uses approved corrections without changing originals (17.9048ms)
✔ demo credentials accept only the exact local account (2.3859ms)
✔ local workspace preserves submitted operations and registry changes after reload (276.0627ms)
✔ seeded seven-day dashboard exposes every parameter and meaningful synthetic deviations (215.4417ms)
✔ reset restores the synthetic dataset and persists it before notifying subscribers (254.636ms)
✔ disposal cancels watchers and rejects stale reads, writes, resets and subscriptions (88.9019ms)
✔ storage failure rejects an operation without changing records or announcing a save (149.1798ms)
✔ unavailable and corrupt storage are surfaced without overwriting the existing value (72.8002ms)
✔ corrupt stored relationships and invalid version rules fail explicitly before serving records (75.5095ms)
✔ observer exceptions do not report a persisted operation as failed (75.3178ms)
✔ repository pages records, transacts atomically and confines paths to its demo tree (76.4732ms)
✔ reusable seed populates an empty repository through domain services with the provided actor (15.1062ms)
✔ reusable seeder refuses any existing domain records before its first write (1.0483ms)
✔ operational queries exclude synthetic records and their reviews/corrections; presentation remains available without deletion (26.7372ms)
✔ pagination handles date ties, filtered pages, and capped incomplete periods (1.4473ms)
✔ hourly production never allocates a crossing total and preserves unknown, zero and an unfinished hour (3.2982ms)
✔ microstoppages use explicit seconds, exclude planned/open stops and union overlapping time (1.0136ms)
✔ hourly last entry refers only to events in the chosen day (0.4559ms)
✔ hourly conflicts do not reuse original quantities or stoppage times as resolved values (0.4144ms)
✔ all indicator consumers reject draft and setpoint capability equally (18.8834ms)
✔ keeps kg separate, requires a valid denominator and distinguishes absent amounts (0.8239ms)
✔ unions downtime per machine and does not attribute overlapping time to a single cause (0.5671ms)
✔ approved correction overlays preserve original readings and flag concurrent alternative revisions (0.5619ms)
✔ targets need an exact complete reporting window and comparisons compute compatible deltas (54.2115ms)
✔ rejects inverted and ambiguous zero-zero limits (3.7265ms)
✔ uses declared signed inequality and never approves draft or missing (1.2229ms)
✔ malformed valid readings cannot receive an inside-limit state (0.221ms)
✔ catalog preserves all 41 source parameters and usable decimal tolerances (2.8919ms)
✔ ambiguous vacuum, inverted contramold and all heating zones remain unresolved (0.8321ms)
✔ catalog preview performs no writes and installation requires confirmation and explicit nature (21.8584ms)
✔ confirmed installation preserves drafts and repeated or concurrent installation creates no duplicates (21.7698ms)
✔ catalog rejects unauthorized installation, missing process and existing ambiguous source codes (4.3622ms)
✔ preserves zero, signed vacuum and unambiguous decimal inputs (1.4792ms)
✔ distinguishes absent from invalid instead of coercing to zero (0.2956ms)
✔ operational workspace is separate from fixtures and has no invented readings or KPIs (3.8619ms)
✔ records typed production/loss and preserves missing readings without zero coercion (52.3649ms)
✔ stoppage closure is single-use and rejects incompatible reason and negative interval (7.5066ms)
✔ empty or unreadable preferences default to light theme with VLibras disabled (3.5001ms)
✔ malformed saved preferences cannot enable optional scripts or invalid themes (1.4639ms)
✔ valid saved theme and VLibras choices are restored (0.7859ms)
✔ writing one preference preserves the other and persists the normalized result (0.5446ms)
✔ preference write failures reach the caller (0.8895ms)
✔ explicit themes ignore the system setting and update the document root (0.3878ms)
✔ system theme resolves from media and invalid choices resolve to light (0.2236ms)
✔ VLibras loads lazily once and resolves only after the official button exists (1.4544ms)
✔ VLibras waits for the automatic initialization after the script load (6.4051ms)
✔ VLibras reports network load failure with an actionable error code (0.9631ms)
✔ VLibras rejects a loaded script that never exposes its widget within 15 seconds (1.1006ms)
✔ disabling VLibras saves the disabled preference before reloading the page (0.2905ms)
✔ disabling VLibras does not reload if the preference cannot be saved (0.2253ms)
✔ scenario balances quantities, separates kg, keeps uncertain limits pending and covers review states (223.0136ms)
✔ validates relational context and prevents role-based registry edits (3.567ms)
✔ immutable parameter versions are distinct while metadata changes preserve them (1.7753ms)
✔ finite inputs that overflow the estimator return unavailability, not infinite statistics (1.8091ms)
✔ material being reworked is not counted as discarded mass (1.0718ms)
✔ replacement context equality is structural, not insertion-order dependent (0.6634ms)
✔ target creation rejects impossible calendar dates (4.5522ms)
✔ pagination rejects a cursor from outside the selected period (0.7279ms)
✔ indicators require a positive explicit report window even with no stoppages (0.5702ms)
✔ logout revokes previously handed-out services and their listeners (11.6765ms)
✔ consultation choices persist without changing theme and reject unsupported windows (2.5156ms)
✔ isolated scenarios exercise the same dashboard calculations without Firebase or persistence (1284.4092ms)
✔ static artifact rejects industrial evidence, missing imports, credentials and premature deployment (58.6128ms)
✔ static artifact permits only the verified MSA brand image and keeps other binary sources blocked (15.9727ms)
✔ BF regression includes numeric strings and data following missing readings (2.8963ms)
✔ constant and insufficient samples never return infinite capability (0.4996ms)
✔ union avoids double counting and clips intervals to reporting period (37.9957ms)
✔ UI escapes external text and preserves missing values and numeric zero (50.0333ms)
✔ calendar filters produce an exclusive next-day range and do not silently replace invalid dates (2.1099ms)
✔ collection markup escapes record text, lists active process parameters and prefers the newest approved version (6.9239ms)
✔ collection submission retains blank readings as missing and decimal comma as a numeric value (53.5988ms)
✔ production converts Sao Paulo local datetimes and rejects blank, fractional or reversed quantities (3.7224ms)
✔ loss uses decimal kilograms and preserves reason and unit validation (3.0375ms)
✔ stoppage closure keeps the original reason and reads planned as a checkbox (1.3662ms)
✔ review decisions do not start a waiting review or invent justification (1.685ms)
✔ version forms require explicit nature/status and submit validated range or draft pending rules (1.1626ms)
✔ registry forms submit typed relational IDs and a selected product process map (0.9362ms)
✔ targets derive matching metric units and preserve dates and the selected context (1.0011ms)
✔ all forms use labeled controls without nested forms and reject unknown kinds (1.6253ms)
ℹ tests 100
ℹ suites 0
ℹ pass 100
ℹ fail 0
ℹ cancelled 0
ℹ skipped 0
ℹ todo 0
ℹ duration_ms 1858.2714
