
> msa-yellow-team@0.1.0 test
> node --test tests/unit/*.test.js

✔ human review respects the state graph, requires justification and remains terminal (43.6373ms)
✔ approved correction preserves original and has one validated replacement revision (3.3962ms)
✔ profile editing targets the signed-in user; password change reauthenticates first (2.9635ms)
✔ I-MR reproduces the NIST ten-batch example and distinguishes within from overall dispersion (2.816ms)
✔ missing/invalid readings break moving ranges; constants and insufficient samples never produce infinite capability (1.2473ms)
✔ draft references, setpoints, unilateral bounds and unverified chronology cannot yield bilateral capability (0.4254ms)
✔ signals use the I and MR control limits, and unstable processes do not receive capability indices (0.6282ms)
✔ detail selection uses the latest full context, not the first group of its version (15.0163ms)
✔ supplied workbook keeps 17 rows, numeric text and blanks, and reproduces the corrected BF population deviation (3.2229ms)
✔ initializes the supplied project with the supplied RTDB URL (4.4115ms)
✔ CSV preview parses quoted decimal fields, preserves date-only precision, and needs explicit confirmation (36.496ms)
✔ CSV export neutralizes text formulas without changing numeric vacuum or quoted newlines (2.005ms)
✔ dashboard includes all 41 references with unknown values instead of zeros or healthy states (37.7269ms)
✔ dashboard shows actual last reading, inclusive boundaries, invalid input and unapproved limits distinctly (14.814ms)
✔ dashboard keeps recipes and versions separate and rejects measurements outside the selected context/window (3.5832ms)
✔ date-only ties do not invent a latest measurement and correction conflicts never appear healthy (3.737ms)
✔ date-only records make an intraday dashboard explicitly partial (1.3555ms)
✔ dashboard service exposes registered custom parameters and uses approved corrections without changing originals (19.4834ms)
✔ demo credentials accept only the exact local account (3.5352ms)
✔ local workspace preserves submitted operations and registry changes after reload (261.3145ms)
✔ seeded seven-day dashboard exposes every parameter and meaningful synthetic deviations (202.0208ms)
✔ reset restores the synthetic dataset and persists it before notifying subscribers (187.3573ms)
✔ disposal cancels watchers and rejects stale reads, writes, resets and subscriptions (71.9069ms)
✔ storage failure rejects an operation without changing records or announcing a save (145.7067ms)
✔ unavailable and corrupt storage are surfaced without overwriting the existing value (68.7309ms)
✔ corrupt stored relationships and invalid version rules fail explicitly before serving records (73.8707ms)
✔ observer exceptions do not report a persisted operation as failed (72.6879ms)
✔ repository pages records, transacts atomically and confines paths to its demo tree (69.7994ms)
✔ reusable seed populates an empty repository through domain services with the provided actor (14.2101ms)
✔ reusable seeder refuses any existing domain records before its first write (1.0087ms)
✔ operational queries exclude synthetic records and their reviews/corrections; presentation remains available without deletion (31.9335ms)
✔ pagination handles date ties, filtered pages, and capped incomplete periods (1.1759ms)
✔ hourly production never allocates a crossing total and preserves unknown, zero and an unfinished hour (7.18ms)
✔ microstoppages use explicit seconds, exclude planned/open stops and union overlapping time (1.497ms)
✔ all indicator consumers reject draft and setpoint capability equally (27.4999ms)
✔ keeps kg separate, requires a valid denominator and distinguishes absent amounts (0.8839ms)
✔ unions downtime per machine and does not attribute overlapping time to a single cause (0.7025ms)
✔ approved correction overlays preserve original readings and flag concurrent alternative revisions (0.7003ms)
✔ targets need an exact complete reporting window and comparisons compute compatible deltas (17.5275ms)
✔ rejects inverted and ambiguous zero-zero limits (2.2671ms)
✔ uses declared signed inequality and never approves draft or missing (1.816ms)
✔ malformed valid readings cannot receive an inside-limit state (0.2812ms)
✔ catalog preserves all 41 source parameters and usable decimal tolerances (3.3157ms)
✔ ambiguous vacuum, inverted contramold and all heating zones remain unresolved (0.9014ms)
✔ catalog preview performs no writes and installation requires confirmation and explicit nature (21.8296ms)
✔ confirmed installation preserves drafts and repeated or concurrent installation creates no duplicates (28.4275ms)
✔ catalog rejects unauthorized installation, missing process and existing ambiguous source codes (2.934ms)
✔ preserves zero, signed vacuum and unambiguous decimal inputs (1.9087ms)
✔ distinguishes absent from invalid instead of coercing to zero (0.8206ms)
✔ operational workspace is separate from fixtures and has no invented readings or KPIs (4.1469ms)
✔ records typed production/loss and preserves missing readings without zero coercion (56.6258ms)
✔ stoppage closure is single-use and rejects incompatible reason and negative interval (7.8698ms)
✔ empty or unreadable preferences default to light theme with VLibras disabled (2.6141ms)
✔ malformed saved preferences cannot enable optional scripts or invalid themes (0.908ms)
✔ valid saved theme and VLibras choices are restored (0.3936ms)
✔ writing one preference preserves the other and persists the normalized result (0.5847ms)
✔ preference write failures reach the caller (0.7836ms)
✔ explicit themes ignore the system setting and update the document root (0.9486ms)
✔ system theme resolves from media and invalid choices resolve to light (0.1942ms)
✔ VLibras loads lazily once and resolves only after the official button exists (1.3434ms)
✔ VLibras waits for the automatic initialization after the script load (8.2844ms)
✔ VLibras reports network load failure with an actionable error code (1.0742ms)
✔ VLibras rejects a loaded script that never exposes its widget within 15 seconds (5.1583ms)
✔ disabling VLibras saves the disabled preference before reloading the page (0.4136ms)
✔ disabling VLibras does not reload if the preference cannot be saved (0.7119ms)
✔ scenario balances quantities, separates kg, keeps uncertain limits pending and covers review states (199.333ms)
✔ validates relational context and prevents role-based registry edits (3.9172ms)
✔ immutable parameter versions are distinct while metadata changes preserve them (3.1105ms)
✔ finite inputs that overflow the estimator return unavailability, not infinite statistics (1.3919ms)
✔ material being reworked is not counted as discarded mass (0.8334ms)
✔ replacement context equality is structural, not insertion-order dependent (0.5816ms)
✔ target creation rejects impossible calendar dates (4.5289ms)
✔ pagination rejects a cursor from outside the selected period (0.6048ms)
✔ indicators require a positive explicit report window even with no stoppages (0.3047ms)
✔ logout revokes previously handed-out services and their listeners (13.4946ms)
✔ consultation choices persist without changing theme and reject unsupported windows (1.9862ms)
✔ isolated scenarios exercise the same dashboard calculations without Firebase or persistence (1005.0263ms)
✔ static artifact rejects industrial evidence, missing imports, credentials and premature deployment (87.4879ms)
✔ static artifact permits only the verified MSA brand image and keeps other binary sources blocked (15.1588ms)
✔ BF regression includes numeric strings and data following missing readings (2.347ms)
✔ constant and insufficient samples never return infinite capability (0.4341ms)
✔ union avoids double counting and clips intervals to reporting period (48.3514ms)
✔ UI escapes external text and preserves missing values and numeric zero (62.658ms)
✔ calendar filters produce an exclusive next-day range and do not silently replace invalid dates (3.0618ms)
✔ collection markup escapes record text, lists active process parameters and prefers the newest approved version (4.0403ms)
✔ collection submission retains blank readings as missing and decimal comma as a numeric value (41.6349ms)
✔ production converts Sao Paulo local datetimes and rejects blank, fractional or reversed quantities (2.3399ms)
✔ loss uses decimal kilograms and preserves reason and unit validation (2.5103ms)
✔ stoppage closure keeps the original reason and reads planned as a checkbox (1.2736ms)
✔ review decisions do not start a waiting review or invent justification (1.3478ms)
✔ version forms require explicit nature/status and submit validated range or draft pending rules (1.0798ms)
✔ registry forms submit typed relational IDs and a selected product process map (0.9403ms)
✔ targets derive matching metric units and preserve dates and the selected context (0.9105ms)
✔ all forms use labeled controls without nested forms and reject unknown kinds (1.4447ms)
ℹ tests 94
ℹ suites 0
ℹ pass 94
ℹ fail 0
ℹ cancelled 0
ℹ skipped 0
ℹ todo 0
ℹ duration_ms 1473.0004
